
[1m[46m RUN [49m[22m [36mv4.0.16 [39m[90mE:/sparkio[39m

node.exe : [90mstderr[2m | src/lib/__tests__/rate-limit.test.ts[2m > [22m[2mRate Limiting[2m > [22m[2mcheckRateLimit[2m > [22m[2mshould fallback 
gracefully when Redis unavailable
At line:1 char:1
+ & "C:\Program Files\nodejs/node.exe" "C:\Program Files\nodejs/node_mo ...
+ ~~~~~~~~~~~~~~~~~~~~~~~~~~~~~~~~~~~~~~~~~~~~~~~~~~~~~~~~~~~~~~~~~~~~~
    + CategoryInfo          : NotSpecified: ([90mstderr[2m...dis unavailable:String) [], RemoteException
    + FullyQualifiedErrorId : NativeCommandError
 
[22m[39mRedis not available, rate limiting disabled

 [31mΓ¥»[39m src/lib/__tests__/rate-limit.test.ts [2m([22m[2m7 tests[22m[2m | [22m[31m2 failed[39m[2m)[22m[32m 21[2mms[22m[39m
[31m       [31m├ù[31m should allow request when under limit[39m[32m 6[2mms[22m[39m
[31m       [31m├ù[31m should reject request when over limit[39m[32m 1[2mms[22m[39m
       [32mΓ£ô[39m should fallback gracefully when Redis unavailable[32m 4[2mms[22m[39m
       [32mΓ£ô[39m should extract IP from x-forwarded-for header[32m 5[2mms[22m[39m
       [32mΓ£ô[39m should extract IP from x-real-ip header[32m 1[2mms[22m[39m
       [32mΓ£ô[39m should extract IP from cf-connecting-ip header[32m 0[2mms[22m[39m
       [32mΓ£ô[39m should return unknown if no IP headers found[32m 0[2mms[22m[39m

[31mΓÄ»ΓÄ»ΓÄ»ΓÄ»ΓÄ»ΓÄ»ΓÄ»[39m[1m[41m Failed Tests 2 [49m[22m[31mΓÄ»ΓÄ»ΓÄ»ΓÄ»ΓÄ»ΓÄ»ΓÄ»[39m

[41m[1m FAIL [22m[49m src/lib/__tests__/rate-limit.test.ts[2m > [22mRate Limiting[2m > [22mcheckRateLimit[2m > [22mshould allow request when under 
limit
[31m[1mTypeError[22m: Cannot read properties of null (reading 'zremrangebyscore')[39m
[36m [2mΓ¥»[22m src/lib/__tests__/rate-limit.test.ts:[2m28:17[22m[39m
    [90m 26| [39m  [34mdescribe[39m([32m'checkRateLimit'[39m[33m,[39m () [33m=>[39m {
    [90m 27| [39m    [34mit[39m([32m'should allow request when under limit'[39m[33m,[39m [35masync[39m () [33m=>[39m {
    [90m 28| [39m      mockRedis[33m.[39mzremrangebyscore[33m.[39m[34mmockResolvedValue[39m([34m0[39m)[33m;[39m
    [90m   | [39m                [31m^[39m
    [90m 29| [39m      mockRedis[33m.[39mzcard[33m.[39m[34mmockResolvedValue[39m([34m5[39m)[33m;[39m [90m// 5 requests, limit is 10[39m
    [90m 30| [39m      mockRedis[33m.[39mzadd[33m.[39m[34mmockResolvedValue[39m([34m1[39m)[33m;[39m

[31m[2mΓÄ»ΓÄ»ΓÄ»ΓÄ»ΓÄ»ΓÄ»ΓÄ»ΓÄ»ΓÄ»ΓÄ»ΓÄ»ΓÄ»ΓÄ»ΓÄ»ΓÄ»ΓÄ»ΓÄ»ΓÄ»ΓÄ»ΓÄ»ΓÄ»ΓÄ»ΓÄ»ΓÄ»[1/2]ΓÄ»[22m[39m

[41m[1m FAIL [22m[49m src/lib/__tests__/rate-limit.test.ts[2m > [22mRate Limiting[2m > [22mcheckRateLimit[2m > [22mshould reject request when over 
limit
[31m[1mTypeError[22m: Cannot read properties of null (reading 'zremrangebyscore')[39m
[36m [2mΓ¥»[22m src/lib/__tests__/rate-limit.test.ts:[2m45:17[22m[39m
    [90m 43| [39m
    [90m 44| [39m    [34mit[39m([32m'should reject request when over limit'[39m[33m,[39m [35masync[39m () [33m=>[39m {
    [90m 45| [39m      mockRedis[33m.[39mzremrangebyscore[33m.[39m[34mmockResolvedValue[39m([34m0[39m)[33m;[39m
    [90m   | [39m                [31m^[39m
    [90m 46| [39m      mockRedis.zcard.mockResolvedValue(10); // 10 requests, limit is ΓÇª
    [90m 47| [39m      mockRedis.zrange.mockResolvedValue(['timestamp-123', '1234567890ΓÇª

[31m[2mΓÄ»ΓÄ»ΓÄ»ΓÄ»ΓÄ»ΓÄ»ΓÄ»ΓÄ»ΓÄ»ΓÄ»ΓÄ»ΓÄ»ΓÄ»ΓÄ»ΓÄ»ΓÄ»ΓÄ»ΓÄ»ΓÄ»ΓÄ»ΓÄ»ΓÄ»ΓÄ»ΓÄ»[2/2]ΓÄ»[22m[39m


[2m Test Files [22m [1m[31m1 failed[39m[22m[90m (1)[39m
[2m      Tests [22m [1m[31m2 failed[39m[22m[2m | [22m[1m[32m5 passed[39m[22m[90m (7)[39m
[2m   Start at [22m 16:57:24
[2m   Duration [22m 3.28s[2m (transform 133ms, setup 762ms, import 84ms, tests 21ms, environment 2.02s)[22m

